------------------------------------------------------------
Timing Analyzer Summary
------------------------------------------------------------

Type  : Slow 1200mV 85C Model Setup 'inst3'
Slack : -2.996
TNS   : -17.976

Type  : Slow 1200mV 85C Model Setup 'CLK'
Slack : 0.073
TNS   : 0.000

Type  : Slow 1200mV 85C Model Hold 'CLK'
Slack : 0.487
TNS   : 0.000

Type  : Slow 1200mV 85C Model Hold 'inst3'
Slack : 0.714
TNS   : 0.000

Type  : Slow 1200mV 85C Model Minimum Pulse Width 'CLK'
Slack : -3.000
TNS   : -7.461

Type  : Slow 1200mV 85C Model Minimum Pulse Width 'N_set'
Slack : -3.000
TNS   : -3.000

Type  : Slow 1200mV 85C Model Minimum Pulse Width 'inst3'
Slack : -1.487
TNS   : -8.922

Type  : Slow 1200mV 0C Model Setup 'inst3'
Slack : -2.676
TNS   : -16.056

Type  : Slow 1200mV 0C Model Setup 'CLK'
Slack : 0.151
TNS   : 0.000

Type  : Slow 1200mV 0C Model Hold 'CLK'
Slack : 0.457
TNS   : 0.000

Type  : Slow 1200mV 0C Model Hold 'inst3'
Slack : 0.671
TNS   : 0.000

Type  : Slow 1200mV 0C Model Minimum Pulse Width 'CLK'
Slack : -3.000
TNS   : -7.461

Type  : Slow 1200mV 0C Model Minimum Pulse Width 'N_set'
Slack : -3.000
TNS   : -3.000

Type  : Slow 1200mV 0C Model Minimum Pulse Width 'inst3'
Slack : -1.487
TNS   : -8.922

Type  : Fast 1200mV 0C Model Setup 'inst3'
Slack : -0.618
TNS   : -3.708

Type  : Fast 1200mV 0C Model Setup 'CLK'
Slack : 0.590
TNS   : 0.000

Type  : Fast 1200mV 0C Model Hold 'CLK'
Slack : 0.163
TNS   : 0.000

Type  : Fast 1200mV 0C Model Hold 'inst3'
Slack : 0.243
TNS   : 0.000

Type  : Fast 1200mV 0C Model Minimum Pulse Width 'CLK'
Slack : -3.000
TNS   : -6.093

Type  : Fast 1200mV 0C Model Minimum Pulse Width 'N_set'
Slack : -3.000
TNS   : -3.000

Type  : Fast 1200mV 0C Model Minimum Pulse Width 'inst3'
Slack : -1.000
TNS   : -6.000

------------------------------------------------------------
